// Vitest Snapshot v1, https://vitest.dev/guide/snapshot.html

exports[`Database Migrations > should always create the same table structures 1`] = `
[
  {
    "createdAt": {
      "allowNull": true,
      "defaultValue": undefined,
      "primaryKey": false,
      "type": "DATETIME",
      "unique": false,
    },
    "deploymentConfig": {
      "allowNull": true,
      "defaultValue": undefined,
      "primaryKey": false,
      "type": "JSON",
      "unique": false,
    },
    "deploymentId": {
      "allowNull": true,
      "defaultValue": undefined,
      "primaryKey": true,
      "type": "INTEGER",
      "unique": false,
    },
    "name": {
      "allowNull": false,
      "defaultValue": undefined,
      "primaryKey": false,
      "type": "VARCHAR(255)",
      "unique": false,
    },
    "privateInfo": {
      "allowNull": true,
      "defaultValue": undefined,
      "primaryKey": false,
      "type": "JSON",
      "unique": false,
    },
    "stackConfig": {
      "allowNull": true,
      "defaultValue": undefined,
      "primaryKey": false,
      "type": "JSON",
      "unique": false,
    },
    "status": {
      "allowNull": false,
      "defaultValue": "undeployed",
      "primaryKey": false,
      "type": "VARCHAR(255)",
      "unique": false,
    },
    "type": {
      "allowNull": false,
      "defaultValue": undefined,
      "primaryKey": false,
      "type": "VARCHAR(255)",
      "unique": false,
    },
    "updatedAt": {
      "allowNull": true,
      "defaultValue": undefined,
      "primaryKey": false,
      "type": "DATETIME",
      "unique": false,
    },
  },
  {
    "createdAt": {
      "allowNull": true,
      "defaultValue": undefined,
      "primaryKey": false,
      "type": "DATETIME",
      "unique": false,
    },
    "data": {
      "allowNull": true,
      "defaultValue": undefined,
      "primaryKey": false,
      "type": "TEXT",
      "unique": false,
    },
    "expires": {
      "allowNull": true,
      "defaultValue": undefined,
      "primaryKey": false,
      "type": "DATETIME",
      "unique": false,
    },
    "sid": {
      "allowNull": true,
      "defaultValue": undefined,
      "primaryKey": true,
      "type": "VARCHAR(36)",
      "unique": true,
    },
    "updatedAt": {
      "allowNull": true,
      "defaultValue": undefined,
      "primaryKey": false,
      "type": "DATETIME",
      "unique": false,
    },
  },
  {
    "name": {
      "allowNull": false,
      "defaultValue": undefined,
      "primaryKey": true,
      "type": "VARCHAR(255)",
      "unique": true,
    },
  },
  {
    "createdAt": {
      "allowNull": true,
      "defaultValue": undefined,
      "primaryKey": false,
      "type": "DATETIME",
      "unique": false,
    },
    "leaderboardId": {
      "allowNull": false,
      "defaultValue": undefined,
      "primaryKey": false,
      "type": "VARCHAR(255)",
      "unique": false,
    },
    "leaderboardScoreId": {
      "allowNull": true,
      "defaultValue": undefined,
      "primaryKey": true,
      "type": "INTEGER",
      "unique": false,
    },
    "publicGroupName": {
      "allowNull": true,
      "defaultValue": undefined,
      "primaryKey": false,
      "type": "VARCHAR(255)",
      "unique": false,
    },
    "publicIndividualName": {
      "allowNull": true,
      "defaultValue": undefined,
      "primaryKey": false,
      "type": "VARCHAR(255)",
      "unique": false,
    },
    "score": {
      "allowNull": false,
      "defaultValue": undefined,
      "primaryKey": false,
      "type": "INTEGER",
      "unique": false,
    },
    "sessionId": {
      "allowNull": false,
      "defaultValue": undefined,
      "primaryKey": false,
      "type": "UUID",
      "unique": false,
    },
    "updatedAt": {
      "allowNull": true,
      "defaultValue": undefined,
      "primaryKey": false,
      "type": "DATETIME",
      "unique": false,
    },
  },
  {
    "createdAt": {
      "allowNull": true,
      "defaultValue": undefined,
      "primaryKey": false,
      "type": "DATETIME",
      "unique": false,
    },
    "leaderboardId": {
      "allowNull": false,
      "defaultValue": null,
      "primaryKey": true,
      "type": "VARCHAR(255)",
      "unique": true,
    },
    "privateInfo": {
      "allowNull": true,
      "defaultValue": undefined,
      "primaryKey": false,
      "type": "JSON",
      "unique": false,
    },
    "studyId": {
      "allowNull": true,
      "defaultValue": null,
      "primaryKey": false,
      "type": "VARCHAR(255)",
      "unique": false,
    },
    "updatedAt": {
      "allowNull": true,
      "defaultValue": undefined,
      "primaryKey": false,
      "type": "DATETIME",
      "unique": false,
    },
  },
  {
    "createdAt": {
      "allowNull": true,
      "defaultValue": undefined,
      "primaryKey": false,
      "type": "DATETIME",
      "unique": false,
    },
    "participantId": {
      "allowNull": false,
      "defaultValue": undefined,
      "primaryKey": true,
      "type": "UUID",
      "unique": true,
    },
    "privateInfo": {
      "allowNull": true,
      "defaultValue": undefined,
      "primaryKey": false,
      "type": "JSON",
      "unique": false,
    },
    "publicInfo": {
      "allowNull": true,
      "defaultValue": undefined,
      "primaryKey": false,
      "type": "JSON",
      "unique": false,
    },
    "updatedAt": {
      "allowNull": true,
      "defaultValue": undefined,
      "primaryKey": false,
      "type": "DATETIME",
      "unique": false,
    },
  },
  {
    "createdAt": {
      "allowNull": true,
      "defaultValue": undefined,
      "primaryKey": false,
      "type": "DATETIME",
      "unique": false,
    },
    "name": {
      "allowNull": true,
      "defaultValue": undefined,
      "primaryKey": false,
      "type": "VARCHAR(255)",
      "unique": false,
    },
    "payload": {
      "allowNull": true,
      "defaultValue": undefined,
      "primaryKey": false,
      "type": "JSON",
      "unique": false,
    },
    "responseId": {
      "allowNull": true,
      "defaultValue": undefined,
      "primaryKey": true,
      "type": "INTEGER",
      "unique": false,
    },
    "sessionId": {
      "allowNull": false,
      "defaultValue": undefined,
      "primaryKey": false,
      "references": {
        "key": "sessionId",
        "model": "wwl_sessions",
      },
      "type": "UUID",
      "unique": false,
    },
    "updatedAt": {
      "allowNull": true,
      "defaultValue": undefined,
      "primaryKey": false,
      "type": "DATETIME",
      "unique": false,
    },
  },
  {
    "createdAt": {
      "allowNull": true,
      "defaultValue": undefined,
      "primaryKey": false,
      "type": "DATETIME",
      "unique": false,
    },
    "finished": {
      "allowNull": true,
      "defaultValue": false,
      "primaryKey": false,
      "type": "TINYINT(1)",
      "unique": false,
    },
    "metadata": {
      "allowNull": true,
      "defaultValue": undefined,
      "primaryKey": false,
      "type": "JSON",
      "unique": false,
    },
    "participantId": {
      "allowNull": true,
      "defaultValue": undefined,
      "primaryKey": false,
      "references": {
        "key": "participantId",
        "model": "wwl_participants",
      },
      "type": "UUID",
      "unique": false,
    },
    "privateInfo": {
      "allowNull": true,
      "defaultValue": undefined,
      "primaryKey": false,
      "type": "JSON",
      "unique": false,
    },
    "publicInfo": {
      "allowNull": true,
      "defaultValue": undefined,
      "primaryKey": false,
      "type": "JSON",
      "unique": false,
    },
    "sessionId": {
      "allowNull": false,
      "defaultValue": undefined,
      "primaryKey": true,
      "type": "UUID",
      "unique": true,
    },
    "studyId": {
      "allowNull": false,
      "defaultValue": undefined,
      "primaryKey": false,
      "references": {
        "key": "studyId",
        "model": "wwl_studies",
      },
      "type": "VARCHAR(255)",
      "unique": false,
    },
    "updatedAt": {
      "allowNull": true,
      "defaultValue": undefined,
      "primaryKey": false,
      "type": "DATETIME",
      "unique": false,
    },
  },
  {
    "createdAt": {
      "allowNull": true,
      "defaultValue": undefined,
      "primaryKey": false,
      "type": "DATETIME",
      "unique": false,
    },
    "deletionProtection": {
      "allowNull": false,
      "defaultValue": true,
      "primaryKey": false,
      "type": "TINYINT(1)",
      "unique": false,
    },
    "privateInfo": {
      "allowNull": true,
      "defaultValue": undefined,
      "primaryKey": false,
      "type": "JSON",
      "unique": false,
    },
    "publicInfo": {
      "allowNull": true,
      "defaultValue": undefined,
      "primaryKey": false,
      "type": "JSON",
      "unique": false,
    },
    "studyId": {
      "allowNull": false,
      "defaultValue": null,
      "primaryKey": true,
      "type": "VARCHAR(255)",
      "unique": true,
    },
    "updatedAt": {
      "allowNull": true,
      "defaultValue": undefined,
      "primaryKey": false,
      "type": "DATETIME",
      "unique": false,
    },
  },
]
`;

exports[`Database Migrations > should always create the same tables 1`] = `
[
  "wwl_deployments",
  "wwl_internal_admin_sessions",
  "wwl_internal_migrations",
  "wwl_leaderboard_scores",
  "wwl_leaderboards",
  "wwl_participants",
  "wwl_responses",
  "wwl_sessions",
  "wwl_studies",
]
`;
