// Vitest Snapshot v1, https://vitest.dev/guide/snapshot.html

exports[`Client > should start a new session (without a linked participant) 1`] = `
{
  "clientMetadata": {
    "library": "@world-wide-lab/client",
    "searchParams": {
      "myId": "123",
      "otherId": "test",
    },
    "url": "https://worldwidelab.org/?myId=123&otherId=test",
    "version": "VERSION",
  },
  "studyId": "example",
}
`;

exports[`Client > should store responses 1`] = `
[
  "success",
  "studyId",
]
`;

exports[`Client > should store responses 2`] = `
[
  {
    "Session.participantId": null,
    "createdAt": "overwritten-as-it-varies",
    "name": "example_name",
    "payload": "{"ex_key":"ex_value"}",
    "responseId": "overwritten-as-it-varies",
    "sessionId": "overwritten-as-it-varies",
    "updatedAt": "overwritten-as-it-varies",
  },
  {
    "Session.participantId": null,
    "createdAt": "overwritten-as-it-varies",
    "name": null,
    "payload": "{"key_n1":"no-name","numerical":1}",
    "responseId": "overwritten-as-it-varies",
    "sessionId": "overwritten-as-it-varies",
    "updatedAt": "overwritten-as-it-varies",
  },
]
`;

exports[`Client > should store responses 3`] = `
[
  "0",
  "1",
]
`;
